[backblue.gif]
[fade.gif]
[index.html]
[localhost/wordpress/index.php/feed/index.html]
[localhost/wordpress/index.php/comments/feed/index.html]
[localhost/wordpress/wp-content/plugins/ti-woocommerce-wishlist/assets/fonts/tinvwl-webfontffc1.woff2]
[localhost/wordpress/wp-includes/js/jquery/jquery.minf43b.js]
[localhost/wordpress/wp-includes/js/jquery/jquery-migrate.min5589.js]
[localhost/wordpress/wp-content/plugins/woocommerce/assets/js/jquery-blockui/jquery.blockUI.min0ce9.js]
[localhost/wordpress/wp-content/plugins/woocommerce/assets/js/frontend/add-to-cart.mina8cb.js]
[localhost/wordpress/wp-content/plugins/woocommerce/assets/js/js-cookie/js.cookie.min8263.js]
[localhost/wordpress/wp-content/plugins/woocommerce/assets/js/frontend/woocommerce.mina8cb.js]
[localhost/wordpress/wp-content/themes/vw-furniture-shop/js/wow3e78.js]
[localhost/wordpress/xmlrpc0db0.php]
[localhost/wordpress/wp-includes/js/dist/script-modules/block-library/navigation/view.minf3d8.js]
[localhost/wordpress/wp-includes/js/dist/script-modules/block-library/search/view.min04b4.js]
[localhost/wordpress/wp-includes/js/dist/script-modules/interactivity/index.min1c7d.js]
[localhost/wordpress/wp-content/themes/vw-furniture-shop/fonts/Barlow_Condensed/BarlowCondensed-Regular.ttf]
[localhost/wordpress/wp-content/themes/vw-furniture-shop/fonts/Barlow_Condensed/BarlowCondensed-Medium.ttf]
[localhost/wordpress/wp-content/themes/vw-furniture-shop/fonts/Barlow_Condensed/BarlowCondensed-SemiBold.ttf]
[localhost/wordpress/index.php/wp-json/index.html]
[localhost/wordpress/wp-content/themes/vw-furniture-shop/fonts/Barlow_Condensed/BarlowCondensed-Bold.ttf]
[localhost/wordpress/wp-content/themes/vw-furniture-shop/fonts/Roboto_Flex/static/RobotoFlex-Regular.ttf]
[localhost/wordpress/wp-content/themes/vw-furniture-shop/fonts/Bad_Script/BadScript-Regular.ttf]
[localhost/wordpress/wp-content/themes/vw-furniture-shop/fonts/Marhey/static/Marhey-Light.ttf]
[localhost/wordpress/wp-content/themes/vw-furniture-shop/fonts/Marhey/static/Marhey-Regular.ttf]
[localhost/wordpress/wp-content/themes/vw-furniture-shop/fonts/Marhey/static/Marhey-Medium.ttf]
[localhost/wordpress/wp-content/themes/vw-furniture-shop/fonts/Marhey/static/Marhey-Bold.ttf]
[localhost/wordpress/wp-content/themes/vw-furniture-shop/fonts/Lato/Lato-Light.ttf]
[localhost/wordpress/wp-content/themes/vw-furniture-shop/fonts/Lato/Lato-Regular.ttf]
[localhost/wordpress/wp-content/themes/vw-furniture-shop/fonts/Lato/Lato-Bold.ttf]
[localhost/wordpress/wp-content/themes/vw-furniture-shop/fonts/Lato/Lato-Black.ttf]
[localhost/wordpress/wp-content/themes/vw-furniture-shop/fonts/poppins/Poppins-Light.woff2]
[localhost/wordpress/wp-content/themes/vw-furniture-shop/fonts/poppins/Poppins-Regular.woff2]
[localhost/wordpress/wp-content/themes/vw-furniture-shop/fonts/poppins/Poppins-Italic.woff2]
[localhost/wordpress/wp-content/themes/vw-furniture-shop/fonts/poppins/Poppins-Medium.woff2]
[localhost/wordpress/wp-content/themes/vw-furniture-shop/fonts/poppins/Poppins-SemiBold.woff2]
[localhost/wordpress/wp-content/themes/vw-furniture-shop/fonts/poppins/Poppins-Bold.woff2]
[localhost/wordpress/wp-content/themes/vw-furniture-shop/fonts/poppins/Poppins-ExtraBold.woff2]
[localhost/wordpress/wp-content/themes/vw-furniture-shop/fonts/poppins/Poppins-Black.woff2]
[localhost/wordpress/wp-content/themes/vw-furniture-shop/fonts/League_Spartan/static/LeagueSpartan-Light.ttf]
[localhost/wordpress/wp-content/themes/vw-furniture-shop/fonts/League_Spartan/static/LeagueSpartan-Regular.ttf]
[localhost/wordpress/wp-content/themes/vw-furniture-shop/fonts/League_Spartan/static/LeagueSpartan-Medium.ttf]
[localhost/wordpress/wp-content/themes/vw-furniture-shop/fonts/League_Spartan/static/LeagueSpartan-SemiBold.ttf]
[localhost/wordpress/wp-content/themes/vw-furniture-shop/fonts/League_Spartan/static/LeagueSpartan-ExtraBold.ttf]
[localhost/wordpress/wp-content/themes/vw-furniture-shop/fonts/League_Spartan/static/LeagueSpartan-Black.ttf]
[localhost/wordpress/wp-content/themes/vw-furniture-shop/fonts/Raleway/static/Raleway-Light.ttf]
[localhost/wordpress/wp-content/themes/vw-furniture-shop/fonts/Raleway/static/Raleway-Regular.ttf]
[localhost/wordpress/wp-content/themes/vw-furniture-shop/fonts/Raleway/static/Raleway-Medium.ttf]
[localhost/wordpress/wp-content/themes/vw-furniture-shop/fonts/Raleway/static/Raleway-SemiBold.ttf]
[localhost/wordpress/wp-content/themes/vw-furniture-shop/fonts/Raleway/static/Raleway-ExtraBold.ttf]
[localhost/wordpress/wp-content/themes/vw-furniture-shop/fonts/Raleway/static/Raleway-Black.ttf]
[localhost/wordpress/wp-content/plugins/woocommerce/assets/fonts/cardo_normal_400.woff2]
[localhost/wordpress/wp-content/uploads/2024/12/IMG_20241123_1337151.png]
[localhost/wordpress/wp-content/themes/vw-furniture-shop/images/myaccout-img.png]
[localhost/wordpress/wp-content/themes/vw-furniture-shop/images/cart-img.png]
[localhost/wordpress/wp-content/uploads/2024/12/WhatsApp-Image-2025-01-14-a-15.12.30_463b9487.jpg]
[localhost/wordpress/wp-content/uploads/2024/12/WhatsApp-Image-2025-01-14-a-15.12.30_6fea23ac.jpg]
[localhost/wordpress/wp-content/uploads/2024/12/IMG-20241219-WA0009-1.jpg]
[localhost/wordpress/wp-content/themes/vw-furniture-shop/images/stars.png]
[localhost/wordpress/wp-content/themes/vw-furniture-shop/images/arrow.png]
[localhost/wordpress/wp-content/uploads/2024/12/WhatsApp-Image-2025-01-04-a-15.30.12_4cbd490a.jpg]
[localhost/wordpress/wp-content/uploads/2024/12/IMG-20241219-WA0007-2.jpg]
[localhost/wordpress/wp-content/uploads/2024/12/IMG-20241219-WA0021-1.jpg]
[localhost/wordpress/wp-content/uploads/2024/12/IMG-20241219-WA0027.jpg]
[localhost/wordpress/wp-content/uploads/2024/12/IMG-20250117-WA0024-3.jpg]
[localhost/wordpress/wp-content/uploads/2024/12/IMG-20250117-WA0022-2.jpg]
[localhost/wordpress/wp-content/themes/vw-furniture-shop/images/footer-img.png]
[localhost/wordpress/wp-includes/js/dist/vendor/wp-polyfill.min2c7c.js]
[localhost/wordpress/wp-includes/js/dist/hooks.min4fdd.js]
[localhost/wordpress/wp-includes/js/dist/i18n.minc33c.js]
[localhost/wordpress/wp-content/plugins/woocommerce/assets/client/blocks/wc-cart-checkout-base-frontend9844.js]
[localhost/wordpress/wp-content/plugins/woocommerce/assets/client/blocks/wc-cart-checkout-vendors-frontend61c2.js]
[localhost/wordpress/wp-includes/js/dist/url.min16bb.js]
[localhost/wordpress/wp-includes/js/dist/api-fetch.minc31c.js]
[localhost/wordpress/wp-content/plugins/woocommerce/assets/client/blocks/wc-settingsf8f9.js]
[localhost/wordpress/wp-content/plugins/woocommerce/assets/client/blocks/price-formatc8d9.js]
[localhost/wordpress/wp-content/plugins/woocommerce/assets/client/blocks/wc-typesee62.js]
[localhost/wordpress/wp-content/plugins/woocommerce/assets/client/blocks/mini-cart-frontend2b9c.js]
[localhost/wordpress/wp-content/plugins/contact-form-7/includes/swv/js/index1eb7.js]
[localhost/wordpress/wp-content/plugins/contact-form-7/includes/js/index1eb7.js]
[localhost/wordpress/wp-includes/js/underscore.min3ab8.js]
[localhost/wordpress/wp-includes/js/wp-util.min3e78.js]
[localhost/wordpress/wp-includes/js/api-request.min3e78.js]
[localhost/wordpress/wp-content/plugins/woo-variation-swatches/assets/js/frontend.mine4e1.js]
[localhost/wordpress/wp-content/plugins/woocommerce/assets/js/frontend/cart-fragments.mina8cb.js]
[localhost/wordpress/wp-content/plugins/ti-woocommerce-wishlist/assets/js/public.minab7d.js]
[localhost/wordpress/wp-includes/js/dist/vendor/lodash.mind1d1.js]
[localhost/wordpress/wp-content/plugins/pymntpl-paypal-woocommerce/build/js/utilsd445.js]
[localhost/wordpress/wp-content/plugins/pymntpl-paypal-woocommerce/build/js/cart63f9.js]
[localhost/wordpress/wp-content/plugins/pymntpl-paypal-woocommerce/build/js/paypal-carte075.js]
[localhost/wordpress/wp-content/plugins/pymntpl-paypal-woocommerce/build/js/frontend-commons8b03.js]
[localhost/wordpress/wp-content/plugins/woocommerce/assets/js/sourcebuster/sourcebuster.mina8cb.js]
[localhost/wordpress/wp-content/plugins/woocommerce/assets/js/frontend/order-attribution.mina8cb.js]
[localhost/wordpress/index.html]
[localhost/wordpress/wp-includes/blocks/navigation/style.min3e78.css]
[localhost/wordpress/wp-content/plugins/woocommerce/assets/client/blocks/wc-blocks5bfa.css]
[localhost/wordpress/wp-content/plugins/woocommerce/assets/client/blocks/customer-account5bfa.css]
[localhost/wordpress/wp-content/plugins/woocommerce/assets/client/blocks/mini-cart-contents5bfa.css]
[localhost/wordpress/wp-content/plugins/woocommerce/assets/client/blocks/packages-style5bfa.css]
[localhost/wordpress/wp-content/plugins/woocommerce/assets/client/blocks/mini-cart5bfa.css]
[localhost/wordpress/wp-includes/blocks/image/style.min3e78.css]
[localhost/wordpress/wp-includes/blocks/cover/style.min3e78.css]
[localhost/wordpress/wp-includes/blocks/social-links/style.min3e78.css]
[localhost/wordpress/wp-content/plugins/contact-form-7/includes/css/styles1eb7.css]
[localhost/wordpress/wp-content/plugins/woocommerce/assets/css/woocommerce-layouta8cb.css]
[localhost/wordpress/wp-content/plugins/woocommerce/assets/css/woocommerce-smallscreena8cb.css]
[localhost/wordpress/wp-content/plugins/woocommerce/assets/fonts/WooCommerce.woff2]
[localhost/wordpress/wp-content/plugins/woocommerce/assets/fonts/WooCommerce.woff]
[localhost/wordpress/wp-content/plugins/woocommerce/assets/fonts/WooCommerce.ttf]
[localhost/wordpress/wp-content/plugins/woocommerce/assets/css/woocommercea8cb.css]
[localhost/wordpress/wp-content/plugins/woocommerce/assets/css/woocommerce-blockthemea8cb.css]
[localhost/wordpress/wp-content/plugins/woo-variation-swatches/assets/css/frontend.mine4e1.css]
[localhost/wordpress/wp-content/plugins/ti-woocommerce-wishlist/assets/fonts/tinvwl-webfontffc1.eot]
[localhost/wordpress/wp-content/plugins/ti-woocommerce-wishlist/assets/fonts/tinvwl-webfontffc1.woff]
[localhost/wordpress/wp-content/plugins/ti-woocommerce-wishlist/assets/fonts/tinvwl-webfontffc1.ttf]
[localhost/wordpress/wp-content/plugins/ti-woocommerce-wishlist/assets/css/webfont.minab7d.css]
[localhost/wordpress/wp-content/plugins/ti-woocommerce-wishlist/assets/css/public.minab7d.css]
[localhost/wordpress/wp-content/fonts/073c9db395f79c247fafeec16dac681d3e78.css]
[localhost/wordpress/wp-content/themes/vw-furniture-shop/style3e78.css]
[localhost/wordpress/wp-content/themes/vw-furniture-shop/css/animate3e78.css]
[localhost/wordpress/wp-content/fonts/073c9db395f79c247fafeec16dac681d.css]
[localhost/wordpress/wp-content/plugins/pymntpl-paypal-woocommerce/build/css/stylese2ca.css]
[localhost/wordpress/wp-content/themes/vw-furniture-shop/fonts/Bad_Script/Staatliches-Regular.html]
[localhost/wordpress/wp-content/themes/vw-furniture-shop/fonts/Marhey/static/Marhey-Black.html]
[localhost/wordpress/wp-content/themes/vw-furniture-shop/fonts/Lato/Lato-Medium.html]
[localhost/wordpress/index.php/wp-json/wp/v2/pages/466.json]
[localhost/wordpress/index.php/wp-json/oembed/1.0/embedae6e.json]
[localhost/wordpress/index.php/wp-json/oembed/1.0/embedc44e]
[localhost/wordpress/wp-content/uploads/2025/01/WhatsApp-Image-2025-01-17-a-10.55.42_7311e5f5.jpg]
[localhost/wordpress/wp-content/uploads/2025/01/IMG-20241219-WA0020.jpg]
[localhost/wordpress/wp-content/uploads/2024/12/WhatsApp-Image-2025-01-14-a-15.12.32_3cbc290e-1.jpg]
[localhost/wordpress/wp-content/uploads/2024/12/WhatsApp-Image-2025-01-14-a-15.12.31_20a9e31a.jpg]
[localhost/wordpress/wp-content/uploads/2024/12/WhatsApp-Image-2025-01-14-a-15.16.35_9684dc65.jpg]
[localhost/wordpress/wp-content/uploads/2024/12/WhatsApp-Image-2025-01-14-a-15.16.36_b2fb1127.jpg]
[localhost/wordpress/wp-content/uploads/2024/12/WhatsApp-Image-2025-01-14-a-15.16.31_b28a9af6.jpg]
[localhost/wordpress/wp-content/uploads/2024/12/WhatsApp-Image-2025-01-14-a-15.12.36_34180bbb.jpg]
[localhost/wordpress/wp-content/uploads/2024/12/WhatsApp-Image-2025-01-14-a-15.12.40_4f1619c1.jpg]
[localhost/wordpress/wp-content/uploads/2024/12/WhatsApp-Image-2025-01-14-a-15.12.41_410b7370.jpg]
[localhost/wordpress/wp-content/uploads/2024/12/WhatsApp-Image-2025-01-14-a-15.12.30_e7d865dc.jpg]
[localhost/wordpress/wp-content/uploads/2024/12/WhatsApp-Image-2025-01-14-a-15.12.33_6c95193f.jpg]
[localhost/wordpress/wp-content/uploads/2024/12/WhatsApp-Image-2025-01-14-a-15.12.33_6be292d8.jpg]
[localhost/wordpress/wp-content/uploads/2024/12/WhatsApp-Image-2025-01-14-a-15.12.32_5803c264.jpg]
[localhost/wordpress/wp-content/uploads/2024/12/IMG-20241219-WA0029.jpg]
[localhost/wordpress/wp-content/uploads/2025/01/IMG-20241219-WA0032.jpg]
[localhost/wordpress/wp-content/uploads/2025/01/IMG-20241219-WA0031.jpg]
[localhost/wordpress/wp-content/uploads/2025/01/WhatsApp-Image-2025-01-14-a-15.16.32_67b97993.jpg]
[localhost/wordpress/wp-content/uploads/2025/01/WhatsApp-Image-2025-01-04-a-14.54.30_46696a61.jpg]
[localhost/wordpress/wp-content/uploads/2025/01/WhatsApp-Image-2025-01-04-a-14.54.30_a07b1681.jpg]
[localhost/wordpress/wp-content/uploads/2025/01/WhatsApp-Image-2025-01-04-a-14.54.31_2ac15ca4-1.jpg]
[localhost/wordpress/wp-content/uploads/2025/01/WhatsApp-Image-2025-01-04-a-14.54.31_990c66a2.jpg]
[localhost/wordpress/wp-content/uploads/2025/01/WhatsApp-Image-2025-01-04-a-14.54.30_666c873c.jpg]
[localhost/wordpress/wp-content/uploads/2025/01/IMG-20241219-WA0033.jpg]
[localhost/wordpress/wp-content/uploads/2025/01/IMG-20241219-WA0007.jpg]
[localhost/wordpress/index.php/gallery/index.html]
[localhost/wordpress/index.php/boutique/index.html]
[localhost/wordpress/index.php/wp-json/wp/v2/posts/83.json]
[localhost/wordpress/index.php/boutique/feed/index.html]
[localhost/wordpress/index.php/2025/01/04/shop/feed/index.html]
[localhost/wordpress/index.php/wp-json/oembed/1.0/embeda684.json]
[localhost/wordpress/index.php/wp-json/oembed/1.0/embede04b]
[localhost/wordpress/wp-content/plugins/wpforms-lite/assets/lib/jquery.validate.min3c17.js]
[localhost/wordpress/wp-content/plugins/wpforms-lite/assets/lib/mailcheck.mincfa9.js]
[localhost/wordpress/wp-content/plugins/wpforms-lite/assets/lib/punycode.min8a54.js]
[localhost/wordpress/wp-content/plugins/wpforms-lite/assets/js/share/utils.minc849.js]
[localhost/wordpress/wp-content/plugins/wpforms-lite/assets/js/frontend/wpforms.minc849.js]
[localhost/wordpress/wp-content/plugins/wpforms-lite/assets/js/frontend/wpforms-modern.minc849.js]
[localhost/wordpress/index.php/2025/01/04/shop/index.html]
[localhost/wordpress/wp-content/plugins/woocommerce/assets/js/selectWoo/selectWoo.full.minc21b.js]
[localhost/wordpress/wp-includes/js/zxcvbn-async.min5152.js]
[localhost/wordpress/wp-admin/js/password-strength-meter.min3e78.js]
[localhost/wordpress/wp-content/plugins/woocommerce/assets/js/frontend/password-strength-meter.mina8cb.js]
[localhost/wordpress/wp-content/plugins/woocommerce/assets/js/frontend/account-i18n.mina8cb.js]
[localhost/wordpress/index.php/wp-json/wp/v2/pages/222.json]
[localhost/wordpress/index.php/wp-json/oembed/1.0/embed0e95.json]
[localhost/wordpress/index.php/wp-json/oembed/1.0/embed87c7]
[localhost/wordpress/index.php/mon-compte/index.html]
[localhost/wordpress/index.php/wp-json/wp/v2/pages/220.json]
[localhost/wordpress/index.php/wp-json/oembed/1.0/embed240f.json]
[localhost/wordpress/index.php/wp-json/oembed/1.0/embed3d4f]
[localhost/wordpress/wp-includes/js/dist/vendor/react.mine1ab.js]
[localhost/wordpress/wp-includes/js/dist/vendor/react-dom.mine1ab.js]
[localhost/wordpress/wp-includes/js/dist/vendor/react-jsx-runtime.mincb06.js]
[localhost/wordpress/wp-includes/js/dist/deprecated.min0a8b.js]
[localhost/wordpress/wp-includes/js/dist/dom.minbf15.js]
[localhost/wordpress/wp-includes/js/dist/escape-html.min3a9d.js]
[localhost/wordpress/wp-includes/js/dist/element.minfa0f.js]
[localhost/wordpress/wp-includes/js/dist/is-shallow-equal.mincb09.js]
[localhost/wordpress/wp-includes/js/dist/keycodes.min8cc0.js]
[localhost/wordpress/wp-includes/js/dist/priority-queue.minc7db.js]
[localhost/wordpress/wp-includes/js/dist/compose.minb1f8.js]
[localhost/wordpress/wp-includes/js/dist/private-apis.mine8e0.js]
[localhost/wordpress/wp-includes/js/dist/redux-routine.min29d8.js]
[localhost/wordpress/wp-includes/js/dist/data.mindba4.js]
[localhost/wordpress/wp-content/plugins/woocommerce/assets/client/blocks/wc-blocks-registryb028.js]
[localhost/wordpress/wp-includes/js/dist/data-controls.min01e0.js]
[localhost/wordpress/wp-includes/js/dist/html-entities.min5b55.js]
[localhost/wordpress/wp-includes/js/dist/notices.minfe2f.js]
[localhost/wordpress/wp-content/plugins/woocommerce/assets/client/blocks/wc-blocks-middleware8cde.js]
[localhost/wordpress/wp-content/plugins/woocommerce/assets/client/blocks/wc-blocks-data01f5.js]
[localhost/wordpress/wp-includes/js/dist/dom-ready.min5346.js]
[localhost/wordpress/wp-includes/js/dist/a11y.min3f73.js]
[localhost/wordpress/wp-includes/js/dist/primitives.min4e94.js]
[localhost/wordpress/wp-content/plugins/woocommerce/assets/client/blocks/blocks-componentsd993.js]
[localhost/wordpress/wp-includes/js/dist/warning.min85d7.js]
[localhost/wordpress/wp-content/plugins/woocommerce/assets/client/blocks/blocks-checkoutf559.js]
[localhost/wordpress/wp-content/plugins/woocommerce/assets/client/blocks/wc-blocks-shared-context924b.js]
[localhost/wordpress/wp-content/plugins/woocommerce/assets/client/blocks/wc-blocks-shared-hocs7a35.js]
[localhost/wordpress/wp-includes/js/dist/autop.min33af.js]
[localhost/wordpress/wp-includes/js/dist/plugins.min8a16.js]
[localhost/wordpress/wp-includes/js/dist/style-engine.min2236.js]
[localhost/wordpress/wp-includes/js/dist/wordcount.min9ebf.js]
[localhost/wordpress/wp-content/plugins/woo-stripe-payment/packages/blocks/build/commons0f34.js]
[localhost/wordpress/wp-content/plugins/woo-stripe-payment/packages/blocks/build/bnpl-message-cart-block0316.js]
[localhost/wordpress/wp-content/plugins/woocommerce/assets/client/blocks/wc-payment-method-cheque62c3.js]
[localhost/wordpress/wp-content/plugins/woocommerce/assets/client/blocks/wc-payment-method-bacs3242.js]
[localhost/wordpress/wp-content/plugins/woo-stripe-payment/packages/blocks/build/wc-stripe-credit-cardb455.js]
[localhost/wordpress/wp-content/plugins/pymntpl-paypal-woocommerce/packages/blocks/build/blocks-commons594c.js]
[localhost/wordpress/wp-content/plugins/pymntpl-paypal-woocommerce/packages/blocks/build/paypald612.js]
[localhost/wordpress/wp-content/plugins/pymntpl-paypal-woocommerce/packages/blocks/build/checkout-block911d.js]
[localhost/wordpress/wp-content/plugins/woocommerce/assets/client/blocks/cart-frontend4585.js]
[localhost/wordpress/index.php/panier/index.html]
[localhost/wordpress/index.php/produit/salon-moderne-copie/feed/index.html]
[localhost/wordpress/wp-content/plugins/woocommerce/assets/js/zoom/jquery.zoom.mind21e.js]
[localhost/wordpress/wp-content/plugins/woocommerce/assets/js/flexslider/jquery.flexslider.minb063.js]
[localhost/wordpress/wp-content/plugins/woocommerce/assets/js/photoswipe/photoswipe.min3125.js]
[localhost/wordpress/wp-content/plugins/woocommerce/assets/js/photoswipe/photoswipe-ui-default.min3125.js]
[localhost/wordpress/wp-content/plugins/woocommerce/assets/js/frontend/single-product.mina8cb.js]
[localhost/wordpress/index.php/wp-json/wp/v2/product/438.json]
[localhost/wordpress/index.php/wp-json/oembed/1.0/embedf2f6.json]
[localhost/wordpress/index.php/wp-json/oembed/1.0/embed467e]
[localhost/wordpress/wp-content/plugins/klaviyo/includes/js/wck-viewed-productccfb.js]
[localhost/wordpress/index.php/produit/salon-moderne-copie/index.html]
[localhost/wordpress/index.php/produit/salon-marocain-copie-2/feed/index.html]
[localhost/wordpress/index.php/wp-json/wp/v2/product/439.json]
[localhost/wordpress/index.php/wp-json/oembed/1.0/embed9932.json]
[localhost/wordpress/index.php/wp-json/oembed/1.0/embed6f60]
[localhost/wordpress/index.php/produit/salon-marocain-copie-2/index.html]
[localhost/wordpress/index.php/produit/salon-moderne-mini-tables/feed/index.html]
[localhost/wordpress/index.php/wp-json/wp/v2/product/440.json]
[localhost/wordpress/index.php/wp-json/oembed/1.0/embed9bb8.json]
[localhost/wordpress/index.php/wp-json/oembed/1.0/embed2440]
[localhost/wordpress/index.php/produit/salon-moderne-mini-tables/index.html]
[localhost/wordpress/'http_/localhost/wordpress/wp-content/themes/vw-furniture-shop/images/customize-img.html]
[localhost/wordpress/wp-admin/admin-ajaxf809.html]
[localhost/wordpress/wp-content/plugins/woocommerce/assets/images/icons/loader.svg]
[localhost/wordpress/wp-content/plugins/ti-woocommerce-wishlist/assets/fonts/tinvwl-webfontffc1.svg]
[localhost/wordpress/wp-includes/blocks/gallery/style.min3e78.css]
[localhost/wordpress/index2905.html]
[localhost/wordpress/index55e4.html]
[localhost/wordpress/wp-content/plugins/wpforms-lite/assets/images/submit-spin.svg]
[localhost/wordpress/wp-content/plugins/wpforms-lite/assets/css/frontend/modern/wpforms-full.minc849.css]
[localhost/wordpress/wp-content/plugins/woocommerce/assets/css/select2a8cb.css]
[localhost/wordpress/indexb4c1.html]
[localhost/wordpress/wp-content/plugins/woocommerce/assets/client/blocks/all-products5bfa.css]
[localhost/wordpress/wp-content/plugins/woo-stripe-payment/packages/blocks/build/style50ec.css]
[localhost/wordpress/wp-content/plugins/woocommerce/assets/client/blocks/cart5bfa.css]
[localhost/wordpress/index156c.html]
[localhost/wordpress/index.php/produit/mur-table-foyer/feed/index.html]
[localhost/wordpress/index.php/wp-json/wp/v2/product/500.json]
[localhost/wordpress/index.php/wp-json/oembed/1.0/embed6457.json]
[localhost/wordpress/index.php/wp-json/oembed/1.0/embedfa1f]
[localhost/wordpress/index.php/produit/mur-table-foyer/index.html]
[localhost/wordpress%0D%0A/wp-content/uploads/2025/01/WhatsApp-Image-2025-01-14-a-15.16.30_f258f036-1-300x300.html]
[localhost/wordpress/wp-content/plugins/woocommerce/assets/client/blocks/checkout-frontend0cf7.js]
[localhost/wordpress/index.php/panier/indexc643.html]
[localhost/wordpress/index.php/produit/salon-moderne-table/feed/index.html]
[localhost/wordpress/index.php/wp-json/wp/v2/product/492.json]
[localhost/wordpress/index.php/wp-json/oembed/1.0/embed986c.json]
[localhost/wordpress/index.php/wp-json/oembed/1.0/embedc06c]
[localhost/wordpress/index.php/produit/salon-moderne-table/index.html]
[localhost/wordpress%0D%0A/wp-content/uploads/2025/01/WhatsApp-Image-2025-01-17-a-11.15.36_d2688eb9-300x300.html]
[localhost/wordpress/index.php/panier/index396d.html]
[localhost/wordpress/index.php/produit/mihrab/feed/index.html]
[localhost/wordpress/index.php/wp-json/wp/v2/product/487.json]
[localhost/wordpress/index.php/wp-json/oembed/1.0/embed5eb2.json]
[localhost/wordpress/index.php/wp-json/oembed/1.0/embed783a]
[localhost/wordpress/index.php/produit/mihrab/index.html]
[localhost/wordpress%0D%0A/wp-content/uploads/2025/01/WhatsApp-Image-2025-01-17-a-11.02.51_b31cea87-300x300.html]
[localhost/wordpress/index.php/panier/index6554.html]
[localhost/wordpress/index.php/produit/salon-marocain-plafond/feed/index.html]
[localhost/wordpress/index.php/wp-json/wp/v2/product/483.json]
[localhost/wordpress/index.php/wp-json/oembed/1.0/embed7233.json]
[localhost/wordpress/index.php/wp-json/oembed/1.0/embedc952]
[localhost/wordpress/index.php/produit/salon-marocain-plafond/index.html]
[localhost/wordpress%0D%0A/wp-content/uploads/2025/01/WhatsApp-Image-2025-01-17-a-10.55.43_cb521782-300x300.html]
[localhost/wordpress/index.php/panier/indexb529.html]
[localhost/wordpress/wp-content/plugins/woocommerce/assets/css/photoswipe/default-skin/default-skin.png]
[localhost/wordpress/wp-content/plugins/woocommerce/assets/css/photoswipe/photoswipe.mina8cb.css]
[localhost/wordpress/wp-content/plugins/woocommerce/assets/css/photoswipe/default-skin/preloader.gif]
[localhost/wordpress/wp-content/plugins/woocommerce/assets/css/photoswipe/default-skin/default-skin.mina8cb.css]
[localhost/wordpress/index9ed5.html]
[localhost/wordpress/indexfcc0.html]
[localhost/wordpress/indexe982.html]
[localhost/wordpress/index2d25.html]
[localhost/wordpress/index.php/wp-json/wp/v2/pages/221.json]
[localhost/wordpress/index.php/wp-json/oembed/1.0/embed6ef0.json]
[localhost/wordpress/index.php/wp-json/oembed/1.0/embed71e5]
[localhost/wordpress/wp-content/plugins/klaviyo/includes/js/wck-started-checkoutccfb.js]
[localhost/wordpress/wp-content/plugins/pymntpl-paypal-woocommerce/build/js/paypal-checkout242c.js]
[localhost/wordpress/index.php/commander/index.html]
[localhost/wordpress/index9982.html]
[localhost/wordpress/indexe3b6.html]
[localhost/wordpress/index3758.html]
[localhost/wordpress/wp-content/plugins/woocommerce/assets/css/photoswipe/default-skin/default-skin.svg]
[localhost/wordpress/wp-content/plugins/pymntpl-paypal-woocommerce/packages/blocks/build/stylese2ca.css]
[localhost/wordpress/wp-content/plugins/woocommerce/assets/client/blocks/checkout5bfa.css]
[localhost/wordpress/indexd5db.html]
